[debug] [2025-06-11T07:30:39.742Z] ----------------------------------------------------------------------
[debug] [2025-06-11T07:30:39.746Z] Command:       /nix/store/rbdrkcs5kkwpalxcd7c6bnm33lk2955n-nodejs-20.19.0/bin/node /home/user/.global_modules/bin/firebase deploy --only functions
[debug] [2025-06-11T07:30:39.747Z] CLI Version:   14.6.0
[debug] [2025-06-11T07:30:39.747Z] Platform:      linux
[debug] [2025-06-11T07:30:39.747Z] Node Version:  v20.19.0
[debug] [2025-06-11T07:30:39.748Z] Time:          Wed Jun 11 2025 07:30:39 GMT+0000 (Coordinated Universal Time)
[debug] [2025-06-11T07:30:39.748Z] ----------------------------------------------------------------------
[debug] 
[debug] [2025-06-11T07:30:40.384Z] > command requires scopes: ["email","openid","https://www.googleapis.com/auth/cloudplatformprojects.readonly","https://www.googleapis.com/auth/firebase","https://www.googleapis.com/auth/cloud-platform"]
[debug] [2025-06-11T07:30:40.385Z] > authorizing via signed-in user (shanmithasatram@gmail.com)
[debug] [2025-06-11T07:30:40.386Z] [iam] checking project swift-stack-461806-g2 for permissions ["cloudfunctions.functions.create","cloudfunctions.functions.delete","cloudfunctions.functions.get","cloudfunctions.functions.list","cloudfunctions.functions.update","cloudfunctions.operations.get","firebase.projects.get"]
[debug] [2025-06-11T07:30:40.388Z] No OAuth tokens found
[debug] [2025-06-11T07:30:40.389Z] No OAuth tokens found
[debug] [2025-06-11T07:30:40.389Z] > command requires scopes: ["email","openid","https://www.googleapis.com/auth/cloudplatformprojects.readonly","https://www.googleapis.com/auth/firebase","https://www.googleapis.com/auth/cloud-platform"]
[debug] [2025-06-11T07:30:40.390Z] > authorizing via signed-in user (shanmithasatram@gmail.com)
[debug] [2025-06-11T07:30:40.392Z] >>> [apiv2][query] POST https://cloudresourcemanager.googleapis.com/v1/projects/swift-stack-461806-g2:testIamPermissions [none]
[debug] [2025-06-11T07:30:40.392Z] >>> [apiv2][(partial)header] POST https://cloudresourcemanager.googleapis.com/v1/projects/swift-stack-461806-g2:testIamPermissions x-goog-quota-user=projects/swift-stack-461806-g2
[debug] [2025-06-11T07:30:40.393Z] >>> [apiv2][body] POST https://cloudresourcemanager.googleapis.com/v1/projects/swift-stack-461806-g2:testIamPermissions {"permissions":["cloudfunctions.functions.create","cloudfunctions.functions.delete","cloudfunctions.functions.get","cloudfunctions.functions.list","cloudfunctions.functions.update","cloudfunctions.operations.get","firebase.projects.get"]}
[debug] [2025-06-11T07:30:41.255Z] <<< [apiv2][status] POST https://cloudresourcemanager.googleapis.com/v1/projects/swift-stack-461806-g2:testIamPermissions 200
[debug] [2025-06-11T07:30:41.255Z] <<< [apiv2][body] POST https://cloudresourcemanager.googleapis.com/v1/projects/swift-stack-461806-g2:testIamPermissions {"permissions":["cloudfunctions.functions.create","cloudfunctions.functions.delete","cloudfunctions.functions.get","cloudfunctions.functions.list","cloudfunctions.functions.update","cloudfunctions.operations.get","firebase.projects.get"]}
[debug] [2025-06-11T07:30:41.257Z] No OAuth tokens found
[debug] [2025-06-11T07:30:41.257Z] No OAuth tokens found
[debug] [2025-06-11T07:30:41.257Z] > command requires scopes: ["email","openid","https://www.googleapis.com/auth/cloudplatformprojects.readonly","https://www.googleapis.com/auth/firebase","https://www.googleapis.com/auth/cloud-platform"]
[debug] [2025-06-11T07:30:41.257Z] > authorizing via signed-in user (shanmithasatram@gmail.com)
[debug] [2025-06-11T07:30:41.258Z] >>> [apiv2][query] POST https://iam.googleapis.com/v1/projects/swift-stack-461806-g2/serviceAccounts/swift-stack-461806-g2@appspot.gserviceaccount.com:testIamPermissions [none]
[debug] [2025-06-11T07:30:41.258Z] >>> [apiv2][body] POST https://iam.googleapis.com/v1/projects/swift-stack-461806-g2/serviceAccounts/swift-stack-461806-g2@appspot.gserviceaccount.com:testIamPermissions {"permissions":["iam.serviceAccounts.actAs"]}
[debug] [2025-06-11T07:30:42.395Z] <<< [apiv2][status] POST https://iam.googleapis.com/v1/projects/swift-stack-461806-g2/serviceAccounts/swift-stack-461806-g2@appspot.gserviceaccount.com:testIamPermissions 200
[debug] [2025-06-11T07:30:42.395Z] <<< [apiv2][body] POST https://iam.googleapis.com/v1/projects/swift-stack-461806-g2/serviceAccounts/swift-stack-461806-g2@appspot.gserviceaccount.com:testIamPermissions {"permissions":["iam.serviceAccounts.actAs"]}
[info] 
[info] === Deploying to 'swift-stack-461806-g2'...
[info] 
[info] i  deploying functions 
[debug] [2025-06-11T07:30:42.413Z] No OAuth tokens found
[debug] [2025-06-11T07:30:42.413Z] No OAuth tokens found
[debug] [2025-06-11T07:30:42.414Z] > command requires scopes: ["email","openid","https://www.googleapis.com/auth/cloudplatformprojects.readonly","https://www.googleapis.com/auth/firebase","https://www.googleapis.com/auth/cloud-platform"]
[debug] [2025-06-11T07:30:42.414Z] > authorizing via signed-in user (shanmithasatram@gmail.com)
[debug] [2025-06-11T07:30:42.414Z] >>> [apiv2][query] GET https://serviceusage.googleapis.com/v1/projects/swift-stack-461806-g2/services/cloudresourcemanager.googleapis.com [none]
[debug] [2025-06-11T07:30:42.414Z] >>> [apiv2][(partial)header] GET https://serviceusage.googleapis.com/v1/projects/swift-stack-461806-g2/services/cloudresourcemanager.googleapis.com x-goog-quota-user=projects/swift-stack-461806-g2
[debug] [2025-06-11T07:30:43.507Z] <<< [apiv2][status] GET https://serviceusage.googleapis.com/v1/projects/swift-stack-461806-g2/services/cloudresourcemanager.googleapis.com 200
[debug] [2025-06-11T07:30:43.507Z] <<< [apiv2][body] GET https://serviceusage.googleapis.com/v1/projects/swift-stack-461806-g2/services/cloudresourcemanager.googleapis.com [omitted]
[debug] [2025-06-11T07:30:43.508Z] No OAuth tokens found
[debug] [2025-06-11T07:30:43.510Z] No OAuth tokens found
[debug] [2025-06-11T07:30:43.510Z] > command requires scopes: ["email","openid","https://www.googleapis.com/auth/cloudplatformprojects.readonly","https://www.googleapis.com/auth/firebase","https://www.googleapis.com/auth/cloud-platform"]
[debug] [2025-06-11T07:30:43.510Z] > authorizing via signed-in user (shanmithasatram@gmail.com)
[debug] [2025-06-11T07:30:43.510Z] >>> [apiv2][query] GET https://cloudresourcemanager.googleapis.com/v1/projects/swift-stack-461806-g2 [none]
[debug] [2025-06-11T07:30:43.709Z] <<< [apiv2][status] GET https://cloudresourcemanager.googleapis.com/v1/projects/swift-stack-461806-g2 200
[debug] [2025-06-11T07:30:43.710Z] <<< [apiv2][body] GET https://cloudresourcemanager.googleapis.com/v1/projects/swift-stack-461806-g2 {"projectNumber":"654958366132","projectId":"swift-stack-461806-g2","lifecycleState":"ACTIVE","name":"My First Project","labels":{"generative-language":"enabled","firebase":"enabled","firebase-core":"disabled"},"createTime":"2025-06-03T06:47:38.765016Z"}
[info] i  functions: preparing codebase default for deployment 
[info] i  functions: ensuring required API cloudfunctions.googleapis.com is enabled... 
[debug] [2025-06-11T07:30:43.712Z] No OAuth tokens found
[debug] [2025-06-11T07:30:43.712Z] No OAuth tokens found
[debug] [2025-06-11T07:30:43.712Z] > command requires scopes: ["email","openid","https://www.googleapis.com/auth/cloudplatformprojects.readonly","https://www.googleapis.com/auth/firebase","https://www.googleapis.com/auth/cloud-platform"]
[debug] [2025-06-11T07:30:43.712Z] > authorizing via signed-in user (shanmithasatram@gmail.com)
[debug] [2025-06-11T07:30:43.713Z] No OAuth tokens found
[debug] [2025-06-11T07:30:43.713Z] No OAuth tokens found
[debug] [2025-06-11T07:30:43.713Z] > command requires scopes: ["email","openid","https://www.googleapis.com/auth/cloudplatformprojects.readonly","https://www.googleapis.com/auth/firebase","https://www.googleapis.com/auth/cloud-platform"]
[debug] [2025-06-11T07:30:43.713Z] > authorizing via signed-in user (shanmithasatram@gmail.com)
[info] i  functions: ensuring required API cloudbuild.googleapis.com is enabled... 
[debug] [2025-06-11T07:30:43.714Z] No OAuth tokens found
[debug] [2025-06-11T07:30:43.715Z] No OAuth tokens found
[debug] [2025-06-11T07:30:43.715Z] > command requires scopes: ["email","openid","https://www.googleapis.com/auth/cloudplatformprojects.readonly","https://www.googleapis.com/auth/firebase","https://www.googleapis.com/auth/cloud-platform"]
[debug] [2025-06-11T07:30:43.715Z] > authorizing via signed-in user (shanmithasatram@gmail.com)
[info] i  artifactregistry: ensuring required API artifactregistry.googleapis.com is enabled... 
[debug] [2025-06-11T07:30:43.717Z] No OAuth tokens found
[debug] [2025-06-11T07:30:43.717Z] No OAuth tokens found
[debug] [2025-06-11T07:30:43.717Z] > command requires scopes: ["email","openid","https://www.googleapis.com/auth/cloudplatformprojects.readonly","https://www.googleapis.com/auth/firebase","https://www.googleapis.com/auth/cloud-platform"]
[debug] [2025-06-11T07:30:43.717Z] > authorizing via signed-in user (shanmithasatram@gmail.com)
[debug] [2025-06-11T07:30:43.720Z] >>> [apiv2][query] GET https://serviceusage.googleapis.com/v1/projects/swift-stack-461806-g2/services/cloudfunctions.googleapis.com [none]
[debug] [2025-06-11T07:30:43.721Z] >>> [apiv2][(partial)header] GET https://serviceusage.googleapis.com/v1/projects/swift-stack-461806-g2/services/cloudfunctions.googleapis.com x-goog-quota-user=projects/swift-stack-461806-g2
[debug] [2025-06-11T07:30:43.723Z] >>> [apiv2][query] GET https://serviceusage.googleapis.com/v1/projects/swift-stack-461806-g2/services/runtimeconfig.googleapis.com [none]
[debug] [2025-06-11T07:30:43.724Z] >>> [apiv2][(partial)header] GET https://serviceusage.googleapis.com/v1/projects/swift-stack-461806-g2/services/runtimeconfig.googleapis.com x-goog-quota-user=projects/swift-stack-461806-g2
[debug] [2025-06-11T07:30:43.726Z] >>> [apiv2][query] GET https://serviceusage.googleapis.com/v1/projects/swift-stack-461806-g2/services/cloudbuild.googleapis.com [none]
[debug] [2025-06-11T07:30:43.726Z] >>> [apiv2][(partial)header] GET https://serviceusage.googleapis.com/v1/projects/swift-stack-461806-g2/services/cloudbuild.googleapis.com x-goog-quota-user=projects/swift-stack-461806-g2
[debug] [2025-06-11T07:30:43.729Z] >>> [apiv2][query] GET https://serviceusage.googleapis.com/v1/projects/swift-stack-461806-g2/services/artifactregistry.googleapis.com [none]
[debug] [2025-06-11T07:30:43.729Z] >>> [apiv2][(partial)header] GET https://serviceusage.googleapis.com/v1/projects/swift-stack-461806-g2/services/artifactregistry.googleapis.com x-goog-quota-user=projects/swift-stack-461806-g2
[debug] [2025-06-11T07:30:44.018Z] <<< [apiv2][status] GET https://serviceusage.googleapis.com/v1/projects/swift-stack-461806-g2/services/cloudfunctions.googleapis.com 200
[debug] [2025-06-11T07:30:44.018Z] <<< [apiv2][body] GET https://serviceusage.googleapis.com/v1/projects/swift-stack-461806-g2/services/cloudfunctions.googleapis.com [omitted]
[info] ✔  functions: required API cloudfunctions.googleapis.com is enabled 
[debug] [2025-06-11T07:30:44.820Z] <<< [apiv2][status] GET https://serviceusage.googleapis.com/v1/projects/swift-stack-461806-g2/services/runtimeconfig.googleapis.com 200
[debug] [2025-06-11T07:30:44.820Z] <<< [apiv2][body] GET https://serviceusage.googleapis.com/v1/projects/swift-stack-461806-g2/services/runtimeconfig.googleapis.com [omitted]
[debug] [2025-06-11T07:30:44.832Z] <<< [apiv2][status] GET https://serviceusage.googleapis.com/v1/projects/swift-stack-461806-g2/services/cloudbuild.googleapis.com 200
[debug] [2025-06-11T07:30:44.832Z] <<< [apiv2][body] GET https://serviceusage.googleapis.com/v1/projects/swift-stack-461806-g2/services/cloudbuild.googleapis.com [omitted]
[warn] ⚠  functions: missing required API cloudbuild.googleapis.com. Enabling now... 
[debug] [2025-06-11T07:30:44.834Z] No OAuth tokens found
[debug] [2025-06-11T07:30:44.835Z] No OAuth tokens found
[debug] [2025-06-11T07:30:44.835Z] > command requires scopes: ["email","openid","https://www.googleapis.com/auth/cloudplatformprojects.readonly","https://www.googleapis.com/auth/firebase","https://www.googleapis.com/auth/cloud-platform"]
[debug] [2025-06-11T07:30:44.835Z] > authorizing via signed-in user (shanmithasatram@gmail.com)
[debug] [2025-06-11T07:30:44.835Z] >>> [apiv2][query] POST https://serviceusage.googleapis.com/v1/projects/swift-stack-461806-g2/services/cloudbuild.googleapis.com:enable [none]
[debug] [2025-06-11T07:30:44.835Z] >>> [apiv2][(partial)header] POST https://serviceusage.googleapis.com/v1/projects/swift-stack-461806-g2/services/cloudbuild.googleapis.com:enable x-goog-quota-user=projects/swift-stack-461806-g2
[debug] [2025-06-11T07:30:44.845Z] <<< [apiv2][status] GET https://serviceusage.googleapis.com/v1/projects/swift-stack-461806-g2/services/artifactregistry.googleapis.com 200
[debug] [2025-06-11T07:30:44.845Z] <<< [apiv2][body] GET https://serviceusage.googleapis.com/v1/projects/swift-stack-461806-g2/services/artifactregistry.googleapis.com [omitted]
[warn] ⚠  artifactregistry: missing required API artifactregistry.googleapis.com. Enabling now... 
[debug] [2025-06-11T07:30:44.851Z] No OAuth tokens found
[debug] [2025-06-11T07:30:44.853Z] No OAuth tokens found
[debug] [2025-06-11T07:30:44.853Z] > command requires scopes: ["email","openid","https://www.googleapis.com/auth/cloudplatformprojects.readonly","https://www.googleapis.com/auth/firebase","https://www.googleapis.com/auth/cloud-platform"]
[debug] [2025-06-11T07:30:44.853Z] > authorizing via signed-in user (shanmithasatram@gmail.com)
[debug] [2025-06-11T07:30:44.853Z] >>> [apiv2][query] POST https://serviceusage.googleapis.com/v1/projects/swift-stack-461806-g2/services/artifactregistry.googleapis.com:enable [none]
[debug] [2025-06-11T07:30:44.853Z] >>> [apiv2][(partial)header] POST https://serviceusage.googleapis.com/v1/projects/swift-stack-461806-g2/services/artifactregistry.googleapis.com:enable x-goog-quota-user=projects/swift-stack-461806-g2
[debug] [2025-06-11T07:30:45.802Z] <<< [apiv2][status] POST https://serviceusage.googleapis.com/v1/projects/swift-stack-461806-g2/services/cloudbuild.googleapis.com:enable 503
[debug] [2025-06-11T07:30:45.804Z] <<< [apiv2][body] POST https://serviceusage.googleapis.com/v1/projects/swift-stack-461806-g2/services/cloudbuild.googleapis.com:enable [omitted]
[error] 
[error] Error: Request to https://serviceusage.googleapis.com/v1/projects/swift-stack-461806-g2/services/cloudbuild.googleapis.com:enable had HTTP Error: 503, Visibility check was unavailable. Please retry the request and contact support if the problem persists
[debug] [2025-06-11T07:30:45.807Z] Error Context: {
  "body": {
    "error": {
      "code": 503,
      "message": "Visibility check was unavailable. Please retry the request and contact support if the problem persists",
      "status": "UNAVAILABLE"
    }
  },
  "response": {
    "statusCode": 503
  }
}
[debug] [2025-06-11T07:30:45.888Z] <<< [apiv2][status] POST https://serviceusage.googleapis.com/v1/projects/swift-stack-461806-g2/services/artifactregistry.googleapis.com:enable 400
[debug] [2025-06-11T07:30:45.889Z] <<< [apiv2][body] POST https://serviceusage.googleapis.com/v1/projects/swift-stack-461806-g2/services/artifactregistry.googleapis.com:enable [omitted]
